../Src/main.c:20:6:PLL_CONFIG	4
../Src/main.c:55:6:USART2_CONFIG	1
../Src/main.c:82:6:USART2_SEND_CHAR	2
../Src/main.c:88:6:USART2_SEND_STRING	2
../Src/main.c:93:6:DWT_CONFIG	1
../Src/main.c:100:6:TIM2_CONFIG	1
../Src/main.c:112:10:DWT_TIME	1
../Src/main.c:119:10:TIM_TIME	1
../Src/main.c:126:6:CONVERTER	4
../Src/main.c:145:6:CALC_DWT	1
../Src/main.c:169:6:CALC_TIM	1
../Src/main.c:190:6:SWAP	1
../Src/main.c:197:6:BUBBLE_SORT	5
../Src/main.c:206:5:SQRT_BINARY	3
../Src/main.c:222:6:PROFILE_01_DWT	1
../Src/main.c:232:6:PROFILE_01_TIM	1
../Src/main.c:243:6:PROFILE_03_DWT	1
../Src/main.c:259:6:PROFILE_03_TIM	1
../Src/main.c:275:6:PROFILE_04_DWT	2
../Src/main.c:284:6:PROFILE_04_TIM	2
../Src/main.c:294:6:PROFILE_05_DWT	3
../Src/main.c:306:6:PROFILE_05_TIM	3
../Src/main.c:319:6:TABLE_OUT	1
../Src/main.c:332:5:main	1
