../Src/main.c:20:6:PLL_CONFIG	4	static
../Src/main.c:55:6:USART2_CONFIG	4	static,ignoring_inline_asm
../Src/main.c:82:6:USART2_SEND_CHAR	16	static
../Src/main.c:88:6:USART2_SEND_STRING	16	static
../Src/main.c:93:6:DWT_CONFIG	4	static
../Src/main.c:100:6:TIM2_CONFIG	4	static
../Src/main.c:112:10:DWT_TIME	24	static
../Src/main.c:119:10:TIM_TIME	24	static
../Src/main.c:126:6:CONVERTER	40	static
../Src/main.c:145:6:CALC_DWT	56	static
../Src/main.c:169:6:CALC_TIM	56	static
../Src/main.c:190:6:SWAP	24	static
../Src/main.c:197:6:BUBBLE_SORT	32	static
../Src/main.c:206:5:SQRT_BINARY	56	static
../Src/main.c:222:6:PROFILE_01_DWT	424	static
../Src/main.c:232:6:PROFILE_01_TIM	424	static
../Src/main.c:243:6:PROFILE_03_DWT	48	static
../Src/main.c:259:6:PROFILE_03_TIM	48	static
../Src/main.c:275:6:PROFILE_04_DWT	24	static
../Src/main.c:284:6:PROFILE_04_TIM	24	static
../Src/main.c:294:6:PROFILE_05_DWT	1056	static
../Src/main.c:306:6:PROFILE_05_TIM	1056	static
../Src/main.c:319:6:TABLE_OUT	8	static
../Src/main.c:332:5:main	32	static
