../Core/Src/main.c:66:6:delay_us	24	static
../Core/Src/main.c:81:6:delay_ms	24	static
../Core/Src/main.c:86:5:__io_putchar	16	static
../Core/Src/main.c:98:5:main	48	static
../Core/Src/main.c:166:6:SystemClock_Config	88	static
../Core/Src/main.c:214:13:MX_TIM2_Init	64	static
../Core/Src/main.c:273:13:MX_TIM6_Init	16	static
../Core/Src/main.c:311:13:MX_USART2_UART_Init	8	static
../Core/Src/main.c:344:13:MX_GPIO_Init	48	static
../Core/Src/main.c:386:6:Error_Handler	4	static,ignoring_inline_asm
