08:52:42 **** Incremental Build of configuration Debug for project LAB_04_A ****
make -j12 all 
arm-none-eabi-gcc "../Src/main.c" -mcpu=cortex-m4 -std=gnu11 -g3 -DDEBUG -DSTM32 -DSTM32F4 -DSTM32F446RETx -DNUCLEO_F446RE -c -I../Inc -I"C:/CSE2-2/cse2206/Assignment 02/Lab_04/LAB_04_A/CMSIS/Include" -I"C:/CSE2-2/cse2206/Assignment 02/Lab_04/LAB_04_A/CMSIS/Device/ST/STM32F4xx/Include" -O0 -ffunction-sections -fdata-sections -Wall -fstack-usage -fcyclomatic-complexity -MMD -MP -MF"Src/main.d" -MT"Src/main.o" --specs=nano.specs -mfpu=fpv4-sp-d16 -mfloat-abi=hard -mthumb -o "Src/main.o"
arm-none-eabi-gcc -o "LAB_04_A.elf" @"objects.list"   -mcpu=cortex-m4 -T"C:\CSE2-2\cse2206\Assignment 02\Lab_04\LAB_04_A\STM32F446RETX_FLASH.ld" --specs=nosys.specs -Wl,-Map="LAB_04_A.map" -Wl,--gc-sections -static --specs=nano.specs -mfpu=fpv4-sp-d16 -mfloat-abi=hard -mthumb -Wl,--start-group -lc -lm -Wl,--end-group
Finished building target: LAB_04_A.elf
 
arm-none-eabi-size  LAB_04_A.elf 
arm-none-eabi-objdump -h -S LAB_04_A.elf  > "LAB_04_A.list"
   text	   data	    bss	    dec	    hex	filename
  11800	     80	   2152	  14032	   36d0	LAB_04_A.elf
Finished building: default.size.stdout
 
Finished building: LAB_04_A.list
 
08:52:46 **** Incremental Build of configuration Debug for project LAB_04_A ****
make -j12 all 
arm-none-eabi-size  LAB_04_A.elf 
   text	   data	    bss	    dec	    hex	filename
  11800	     80	   2152	  14032	   36d0	LAB_04_A.elf
Finished building: default.size.stdout
 
