19:59:45 **** Build of configuration Debug for project LAB_05_A ****
make -j12 all 
arm-none-eabi-gcc -mcpu=cortex-m4 -g3 -DDEBUG -c -I"C:/CSE2-2/Assignment 02/LAB_05_A/CMSIS/Device/ST/STM32F4xx/Include" -I"C:/CSE2-2/Assignment 02/LAB_05_A/CMSIS/Include" -x assembler-with-cpp -MMD -MP -MF"Startup/startup_stm32f446retx.d" -MT"Startup/startup_stm32f446retx.o" --specs=nano.specs -mfpu=fpv4-sp-d16 -mfloat-abi=hard -mthumb -o "Startup/startup_stm32f446retx.o" "../Startup/startup_stm32f446retx.s"
arm-none-eabi-gcc "../Src/helper.c" -mcpu=cortex-m4 -std=gnu11 -g3 -DDEBUG -DSTM32 -DSTM32F4 -DSTM32F446RETx -DNUCLEO_F446RE -c -I../Inc -I"C:/CSE2-2/Assignment 02/LAB_05_A/CMSIS/Device/ST/STM32F4xx/Include" -I"C:/CSE2-2/Assignment 02/LAB_05_A/CMSIS/Include" -O0 -ffunction-sections -fdata-sections -Wall -fstack-usage -fcyclomatic-complexity -MMD -MP -MF"Src/helper.d" -MT"Src/helper.o" --specs=nano.specs -mfpu=fpv4-sp-d16 -mfloat-abi=hard -mthumb -o "Src/helper.o"
arm-none-eabi-gcc "../Src/main.c" -mcpu=cortex-m4 -std=gnu11 -g3 -DDEBUG -DSTM32 -DSTM32F4 -DSTM32F446RETx -DNUCLEO_F446RE -c -I../Inc -I"C:/CSE2-2/Assignment 02/LAB_05_A/CMSIS/Device/ST/STM32F4xx/Include" -I"C:/CSE2-2/Assignment 02/LAB_05_A/CMSIS/Include" -O0 -ffunction-sections -fdata-sections -Wall -fstack-usage -fcyclomatic-complexity -MMD -MP -MF"Src/main.d" -MT"Src/main.o" --specs=nano.specs -mfpu=fpv4-sp-d16 -mfloat-abi=hard -mthumb -o "Src/main.o"
arm-none-eabi-gcc "../Src/syscalls.c" -mcpu=cortex-m4 -std=gnu11 -g3 -DDEBUG -DSTM32 -DSTM32F4 -DSTM32F446RETx -DNUCLEO_F446RE -c -I../Inc -I"C:/CSE2-2/Assignment 02/LAB_05_A/CMSIS/Device/ST/STM32F4xx/Include" -I"C:/CSE2-2/Assignment 02/LAB_05_A/CMSIS/Include" -O0 -ffunction-sections -fdata-sections -Wall -fstack-usage -fcyclomatic-complexity -MMD -MP -MF"Src/syscalls.d" -MT"Src/syscalls.o" --specs=nano.specs -mfpu=fpv4-sp-d16 -mfloat-abi=hard -mthumb -o "Src/syscalls.o"
arm-none-eabi-gcc "../Src/sysmem.c" -mcpu=cortex-m4 -std=gnu11 -g3 -DDEBUG -DSTM32 -DSTM32F4 -DSTM32F446RETx -DNUCLEO_F446RE -c -I../Inc -I"C:/CSE2-2/Assignment 02/LAB_05_A/CMSIS/Device/ST/STM32F4xx/Include" -I"C:/CSE2-2/Assignment 02/LAB_05_A/CMSIS/Include" -O0 -ffunction-sections -fdata-sections -Wall -fstack-usage -fcyclomatic-complexity -MMD -MP -MF"Src/sysmem.d" -MT"Src/sysmem.o" --specs=nano.specs -mfpu=fpv4-sp-d16 -mfloat-abi=hard -mthumb -o "Src/sysmem.o"
arm-none-eabi-gcc -o "LAB_05_A.elf" @"objects.list"   -mcpu=cortex-m4 -T"C:\CSE2-2\Assignment 02\LAB_05_A\STM32F446RETX_FLASH.ld" --specs=nosys.specs -Wl,-Map="LAB_05_A.map" -Wl,--gc-sections -static --specs=nano.specs -mfpu=fpv4-sp-d16 -mfloat-abi=hard -mthumb -Wl,--start-group -lc -lm -Wl,--end-group
Finished building target: LAB_05_A.elf
 
arm-none-eabi-size  LAB_05_A.elf 
arm-none-eabi-objdump -h -S LAB_05_A.elf  > "LAB_05_A.list"
   text	   data	    bss	    dec	    hex	filename
   6540	     80	   2256	   8876	   22ac	LAB_05_A.elf
Finished building: default.size.stdout
 
Finished building: LAB_05_A.list
 

19:59:45 Build Finished. 0 errors, 0 warnings. (took 796ms)

