Archive member included to satisfy reference by file (symbol)

C:/ST/STM32CubeIDE_2.0.0/STM32CubeIDE/plugins/com.st.stm32cube.ide.mcu.externaltools.gnu-tools-for-stm32.14.3.rel1.win32_1.0.100.202602081740/tools/bin/../lib/gcc/arm-none-eabi/14.3.1/../../../../arm-none-eabi/lib/thumb/v7e-m+fp/hard\libc_nano.a(libc_a-exit.o)
                              C:/ST/STM32CubeIDE_2.0.0/STM32CubeIDE/plugins/com.st.stm32cube.ide.mcu.externaltools.gnu-tools-for-stm32.14.3.rel1.win32_1.0.100.202602081740/tools/bin/../lib/gcc/arm-none-eabi/14.3.1/../../../../arm-none-eabi/lib/thumb/v7e-m+fp/hard/crt0.o (exit)
C:/ST/STM32CubeIDE_2.0.0/STM32CubeIDE/plugins/com.st.stm32cube.ide.mcu.externaltools.gnu-tools-for-stm32.14.3.rel1.win32_1.0.100.202602081740/tools/bin/../lib/gcc/arm-none-eabi/14.3.1/../../../../arm-none-eabi/lib/thumb/v7e-m+fp/hard\libc_nano.a(libc_a-findfp.o)
                              C:/ST/STM32CubeIDE_2.0.0/STM32CubeIDE/plugins/com.st.stm32cube.ide.mcu.externaltools.gnu-tools-for-stm32.14.3.rel1.win32_1.0.100.202602081740/tools/bin/../lib/gcc/arm-none-eabi/14.3.1/../../../../arm-none-eabi/lib/thumb/v7e-m+fp/hard\libc_nano.a(libc_a-exit.o) (__stdio_exit_handler)
C:/ST/STM32CubeIDE_2.0.0/STM32CubeIDE/plugins/com.st.stm32cube.ide.mcu.externaltools.gnu-tools-for-stm32.14.3.rel1.win32_1.0.100.202602081740/tools/bin/../lib/gcc/arm-none-eabi/14.3.1/../../../../arm-none-eabi/lib/thumb/v7e-m+fp/hard\libc_nano.a(libc_a-fwalk.o)
                              C:/ST/STM32CubeIDE_2.0.0/STM32CubeIDE/plugins/com.st.stm32cube.ide.mcu.externaltools.gnu-tools-for-stm32.14.3.rel1.win32_1.0.100.202602081740/tools/bin/../lib/gcc/arm-none-eabi/14.3.1/../../../../arm-none-eabi/lib/thumb/v7e-m+fp/hard\libc_nano.a(libc_a-findfp.o) (_fwalk_sglue)
C:/ST/STM32CubeIDE_2.0.0/STM32CubeIDE/plugins/com.st.stm32cube.ide.mcu.externaltools.gnu-tools-for-stm32.14.3.rel1.win32_1.0.100.202602081740/tools/bin/../lib/gcc/arm-none-eabi/14.3.1/../../../../arm-none-eabi/lib/thumb/v7e-m+fp/hard\libc_nano.a(libc_a-stdio.o)
                              C:/ST/STM32CubeIDE_2.0.0/STM32CubeIDE/plugins/com.st.stm32cube.ide.mcu.externaltools.gnu-tools-for-stm32.14.3.rel1.win32_1.0.100.202602081740/tools/bin/../lib/gcc/arm-none-eabi/14.3.1/../../../../arm-none-eabi/lib/thumb/v7e-m+fp/hard\libc_nano.a(libc_a-findfp.o) (__sread)
C:/ST/STM32CubeIDE_2.0.0/STM32CubeIDE/plugins/com.st.stm32cube.ide.mcu.externaltools.gnu-tools-for-stm32.14.3.rel1.win32_1.0.100.202602081740/tools/bin/../lib/gcc/arm-none-eabi/14.3.1/../../../../arm-none-eabi/lib/thumb/v7e-m+fp/hard\libc_nano.a(libc_a-memset.o)
                              C:/ST/STM32CubeIDE_2.0.0/STM32CubeIDE/plugins/com.st.stm32cube.ide.mcu.externaltools.gnu-tools-for-stm32.14.3.rel1.win32_1.0.100.202602081740/tools/bin/../lib/gcc/arm-none-eabi/14.3.1/../../../../arm-none-eabi/lib/thumb/v7e-m+fp/hard/crt0.o (memset)
C:/ST/STM32CubeIDE_2.0.0/STM32CubeIDE/plugins/com.st.stm32cube.ide.mcu.externaltools.gnu-tools-for-stm32.14.3.rel1.win32_1.0.100.202602081740/tools/bin/../lib/gcc/arm-none-eabi/14.3.1/../../../../arm-none-eabi/lib/thumb/v7e-m+fp/hard\libc_nano.a(libc_a-closer.o)
                              C:/ST/STM32CubeIDE_2.0.0/STM32CubeIDE/plugins/com.st.stm32cube.ide.mcu.externaltools.gnu-tools-for-stm32.14.3.rel1.win32_1.0.100.202602081740/tools/bin/../lib/gcc/arm-none-eabi/14.3.1/../../../../arm-none-eabi/lib/thumb/v7e-m+fp/hard\libc_nano.a(libc_a-stdio.o) (_close_r)
C:/ST/STM32CubeIDE_2.0.0/STM32CubeIDE/plugins/com.st.stm32cube.ide.mcu.externaltools.gnu-tools-for-stm32.14.3.rel1.win32_1.0.100.202602081740/tools/bin/../lib/gcc/arm-none-eabi/14.3.1/../../../../arm-none-eabi/lib/thumb/v7e-m+fp/hard\libc_nano.a(libc_a-reent.o)
                              C:/ST/STM32CubeIDE_2.0.0/STM32CubeIDE/plugins/com.st.stm32cube.ide.mcu.externaltools.gnu-tools-for-stm32.14.3.rel1.win32_1.0.100.202602081740/tools/bin/../lib/gcc/arm-none-eabi/14.3.1/../../../../arm-none-eabi/lib/thumb/v7e-m+fp/hard\libc_nano.a(libc_a-closer.o) (errno)
C:/ST/STM32CubeIDE_2.0.0/STM32CubeIDE/plugins/com.st.stm32cube.ide.mcu.externaltools.gnu-tools-for-stm32.14.3.rel1.win32_1.0.100.202602081740/tools/bin/../lib/gcc/arm-none-eabi/14.3.1/../../../../arm-none-eabi/lib/thumb/v7e-m+fp/hard\libc_nano.a(libc_a-impure.o)
                              C:/ST/STM32CubeIDE_2.0.0/STM32CubeIDE/plugins/com.st.stm32cube.ide.mcu.externaltools.gnu-tools-for-stm32.14.3.rel1.win32_1.0.100.202602081740/tools/bin/../lib/gcc/arm-none-eabi/14.3.1/../../../../arm-none-eabi/lib/thumb/v7e-m+fp/hard\libc_nano.a(libc_a-reent.o) (_impure_ptr)
C:/ST/STM32CubeIDE_2.0.0/STM32CubeIDE/plugins/com.st.stm32cube.ide.mcu.externaltools.gnu-tools-for-stm32.14.3.rel1.win32_1.0.100.202602081740/tools/bin/../lib/gcc/arm-none-eabi/14.3.1/../../../../arm-none-eabi/lib/thumb/v7e-m+fp/hard\libc_nano.a(libc_a-lseekr.o)
[...]
Memory Configuration

Name             Origin             Length             Attributes
RAM              0x20000000         0x00020000         xrw
FLASH            0x08000000         0x00080000         xr
*default*        0x00000000         0xffffffff

Linker script and memory map

LOAD C:/ST/STM32CubeIDE_2.0.0/STM32CubeIDE/plugins/com.st.stm32cube.ide.mcu.externaltools.gnu-tools-for-stm32.14.3.rel1.win32_1.0.100.202602081740/tools/bin/../lib/gcc/arm-none-eabi/14.3.1/thumb/v7e-m+fp/hard/crti.o
LOAD C:/ST/STM32CubeIDE_2.0.0/STM32CubeIDE/plugins/com.st.stm32cube.ide.mcu.externaltools.gnu-tools-for-stm32.14.3.rel1.win32_1.0.100.202602081740/tools/bin/../lib/gcc/arm-none-eabi/14.3.1/thumb/v7e-m+fp/hard/crtbegin.o
LOAD C:/ST/STM32CubeIDE_2.0.0/STM32CubeIDE/plugins/com.st.stm32cube.ide.mcu.externaltools.gnu-tools-for-stm32.14.3.rel1.win32_1.0.100.202602081740/tools/bin/../lib/gcc/arm-none-eabi/14.3.1/../../../../arm-none-eabi/lib/thumb/v7e-m+fp/hard/crt0.o
LOAD ./Src/main.o
LOAD ./Src/syscalls.o
LOAD ./Src/sysmem.o
LOAD ./Startup/startup_stm32f446retx.o
START GROUP
LOAD C:/ST/STM32CubeIDE_2.0.0/STM32CubeIDE/plugins/com.st.stm32cube.ide.mcu.externaltools.gnu-tools-for-stm32.14.3.rel1.win32_1.0.100.202602081740/tools/bin/../lib/gcc/arm-none-eabi/14.3.1/../../../../arm-none-eabi/lib/thumb/v7e-m+fp/hard\libc_nano.a
LOAD C:/ST/STM32CubeIDE_2.0.0/STM32CubeIDE/plugins/com.st.stm32cube.ide.mcu.externaltools.gnu-tools-for-stm32.14.3.rel1.win32_1.0.100.202602081740/tools/bin/../lib/gcc/arm-none-eabi/14.3.1/../../../../arm-none-eabi/lib/thumb/v7e-m+fp/hard\libm.a
END GROUP
START GROUP
LOAD C:/ST/STM32CubeIDE_2.0.0/STM32CubeIDE/plugins/com.st.stm32cube.ide.mcu.externaltools.gnu-tools-for-stm32.14.3.rel1.win32_1.0.100.202602081740/tools/bin/../lib/gcc/arm-none-eabi/14.3.1/thumb/v7e-m+fp/hard\libgcc.a
LOAD C:/ST/STM32CubeIDE_2.0.0/STM32CubeIDE/plugins/com.st.stm32cube.ide.mcu.externaltools.gnu-tools-for-stm32.14.3.rel1.win32_1.0.100.202602081740/tools/bin/../lib/gcc/arm-none-eabi/14.3.1/../../../../arm-none-eabi/lib/thumb/v7e-m+fp/hard\libc_nano.a
END GROUP
START GROUP
LOAD C:/ST/STM32CubeIDE_2.0.0/STM32CubeIDE/plugins/com.st.stm32cube.ide.mcu.externaltools.gnu-tools-for-stm32.14.3.rel1.win32_1.0.100.202602081740/tools/bin/../lib/gcc/arm-none-eabi/14.3.1/thumb/v7e-m+fp/hard\libgcc.a
LOAD C:/ST/STM32CubeIDE_2.0.0/STM32CubeIDE/plugins/com.st.stm32cube.ide.mcu.externaltools.gnu-tools-for-stm32.14.3.rel1.win32_1.0.100.202602081740/tools/bin/../lib/gcc/arm-none-eabi/14.3.1/../../../../arm-none-eabi/lib/thumb/v7e-m+fp/hard\libc_nano.a
LOAD C:/ST/STM32CubeIDE_2.0.0/STM32CubeIDE/plugins/com.st.stm32cube.ide.mcu.externaltools.gnu-tools-for-stm32.14.3.rel1.win32_1.0.100.202602081740/tools/bin/../lib/gcc/arm-none-eabi/14.3.1/../../../../arm-none-eabi/lib/thumb/v7e-m+fp/hard\libnosys.a
END GROUP
START GROUP
LOAD C:/ST/STM32CubeIDE_2.0.0/STM32CubeIDE/plugins/com.st.stm32cube.ide.mcu.externaltools.gnu-tools-for-stm32.14.3.rel1.win32_1.0.100.202602081740/tools/bin/../lib/gcc/arm-none-eabi/14.3.1/thumb/v7e-m+fp/hard\libgcc.a
LOAD C:/ST/STM32CubeIDE_2.0.0/STM32CubeIDE/plugins/com.st.stm32cube.ide.mcu.externaltools.gnu-tools-for-stm32.14.3.rel1.win32_1.0.100.202602081740/tools/bin/../lib/gcc/arm-none-eabi/14.3.1/../../../../arm-none-eabi/lib/thumb/v7e-m+fp/hard\libc_nano.a
LOAD C:/ST/STM32CubeIDE_2.0.0/STM32CubeIDE/plugins/com.st.stm32cube.ide.mcu.externaltools.gnu-tools-for-stm32.14.3.rel1.win32_1.0.100.202602081740/tools/bin/../lib/gcc/arm-none-eabi/14.3.1/../../../../arm-none-eabi/lib/thumb/v7e-m+fp/hard\libnosys.a
END GROUP
LOAD C:/ST/STM32CubeIDE_2.0.0/STM32CubeIDE/plugins/com.st.stm32cube.ide.mcu.externaltools.gnu-tools-for-stm32.14.3.rel1.win32_1.0.100.202602081740/tools/bin/../lib/gcc/arm-none-eabi/14.3.1/thumb/v7e-m+fp/hard/crtend.o
LOAD C:/ST/STM32CubeIDE_2.0.0/STM32CubeIDE/plugins/com.st.stm32cube.ide.mcu.externaltools.gnu-tools-for-stm32.14.3.rel1.win32_1.0.100.202602081740/tools/bin/../lib/gcc/arm-none-eabi/14.3.1/thumb/v7e-m+fp/hard/crtn.o
                0x20020000                        _estack = (ORIGIN (RAM) + LENGTH (RAM))
                0x00000200                        _Min_Heap_Size = 0x200
                0x00000400                        _Min_Stack_Size = 0x400

.isr_vector     0x08000000      0x1c4
                0x08000000                        . = ALIGN (0x4)
 *(.isr_vector)
 .isr_vector    0x08000000      0x1c4 ./Startup/startup_stm32f446retx.o
                0x08000000                g_pfnVectors
                0x080001c4                        . = ALIGN (0x4)

.text           0x080001c8     0x1514
                0x080001c8                        . = ALIGN (0x4)
 *(.text)
 .text          0x080001c8       0x40 C:/ST/STM32CubeIDE_2.0.0/STM32CubeIDE/plugins/com.st.stm32cube.ide.mcu.externaltools.gnu-tools-for-stm32.14.3.rel1.win32_1.0.100.202602081740/tools/bin/../lib/gcc/arm-none-eabi/14.3.1/thumb/v7e-m+fp/hard/crtbegin.o
 .text          0x08000208       0x10 C:/ST/STM32CubeIDE_2.0.0/STM32CubeIDE/plugins/com.st.stm32cube.ide.mcu.externaltools.gnu-tools-for-stm32.14.3.rel1.win32_1.0.100.202602081740/tools/bin/../lib/gcc/arm-none-eabi/14.3.1/../../../../arm-none-eabi/lib/thumb/v7e-m+fp/hard\libc_nano.a(libc_a-strlen.o)
                0x08000208                strlen
 .text          0x08000218      0x378 C:/ST/STM32CubeIDE_2.0.0/STM32CubeIDE/plugins/com.st.stm32cube.ide.mcu.externaltools.gnu-tools-for-stm32.14.3.rel1.win32_1.0.100.202602081740/tools/bin/../lib/gcc/arm-none-eabi/14.3.1/thumb/v7e-m+fp/hard\libgcc.a(_arm_addsubdf3.o)
                0x08000218                __aeabi_drsub
                0x08000220                __aeabi_dsub
                0x08000220                __subdf3
                0x08000224                __aeabi_dadd
                0x08000224                __adddf3
                0x0800049c                __floatunsidf
                0x0800049c                __aeabi_ui2d
                0x080004bc                __floatsidf
                0x080004bc                __aeabi_i2d
                0x080004e0                __aeabi_f2d
                0x080004e0                __extendsfdf2
                0x08000524                __floatundidf
                0x08000524                __aeabi_ul2d
                0x08000534                __floatdidf
                0x08000534                __aeabi_l2d
 .text          0x08000590      0x424 C:/ST/STM32CubeIDE_2.0.0/STM32CubeIDE/plugins/com.st.stm32cube.ide.mcu.externaltools.gnu-tools-for-stm32.14.3.rel1.win32_1.0.100.202602081740/tools/bin/../lib/gcc/arm-none-eabi/14.3.1/thumb/v7e-m+fp/hard\libgcc.a(_arm_muldivdf3.o)
                0x08000590                __aeabi_dmul
                0x08000590                __muldf3
                0x080007e4                __divdf3
                0x080007e4                __aeabi_ddiv
 .text          0x080009b4       0x40 C:/ST/STM32CubeIDE_2.0.0/STM32CubeIDE/plugins/com.st.stm32cube.ide.mcu.externaltools.gnu-tools-for-stm32.14.3.rel1.win32_1.0.100.202602081740/tools/bin/../lib/gcc/arm-none-eabi/14.3.1/thumb/v7e-m+fp/hard\libgcc.a(_arm_fixunsdfsi.o)
                0x080009b4                __aeabi_d2uiz
                0x080009b4                __fixunsdfsi
 *(.text*)
 .text.PLL_CONFIG
                0x080009f4       0x84 ./Src/main.o
                0x080009f4                PLL_CONFIG
 .text.USART2_CONFIG
                0x08000a78       0xa0 ./Src/main.o
                0x08000a78                USART2_CONFIG
 .text.USART2_SEND_CHAR
                0x08000b18       0x30 ./Src/main.o
                0x08000b18                USART2_SEND_CHAR
 .text.USART2_SEND_STRING
                0x08000b48       0x2a ./Src/main.o
                0x08000b48                USART2_SEND_STRING
 *fill*         0x08000b72        0x2 
 .text.DWT_CONFIG
                0x08000b74       0x34 ./Src/main.o
                0x08000b74                DWT_CONFIG
 .text.TIM2_CONFIG
                0x08000ba8       0x60 ./Src/main.o
                0x08000ba8                TIM2_CONFIG
 .text.DWT_TIME
                0x08000c08       0x58 ./Src/main.o
                0x08000c08                DWT_TIME
 .text.TIM_TIME
                0x08000c60       0x58 ./Src/main.o
                0x08000c60                TIM_TIME
 .text.CONVERTER
                0x08000cb8       0xa4 ./Src/main.o
                0x08000cb8                CONVERTER
 .text.CALC_DWT
                0x08000d5c      0x118 ./Src/main.o
                0x08000d5c                CALC_DWT
 .text.CALC_TIM
                0x08000e74       0xec ./Src/main.o
                0x08000e74                CALC_TIM
 .text.SWAP     0x08000f60       0x2a ./Src/main.o
                0x08000f60                SWAP
 .text.BUBBLE_SORT
                0x08000f8a       0x8e ./Src/main.o
                0x08000f8a                BUBBLE_SORT
 .text.SQRT_BINARY
                0x08001018       0x86 ./Src/main.o
                0x08001018                SQRT_BINARY
 *fill*         0x0800109e        0x2 
 .text.PROFILE_01_DWT
                0x080010a0       0x60 ./Src/main.o
                0x080010a0                PROFILE_01_DWT
 .text.PROFILE_01_TIM
                0x08001100       0x68 ./Src/main.o
                0x08001100                PROFILE_01_TIM
 .text.PROFILE_03_DWT
                0x08001168       0xc0 ./Src/main.o
                0x08001168                PROFILE_03_DWT
 .text.PROFILE_03_TIM
                0x08001228       0xb8 ./Src/main.o
                0x08001228                PROFILE_03_TIM
 .text.PROFILE_04_DWT
                0x080012e0       0x4c ./Src/main.o
                0x080012e0                PROFILE_04_DWT
 .text.PROFILE_04_TIM
                0x0800132c       0x54 ./Src/main.o
                0x0800132c                PROFILE_04_TIM
 .text.PROFILE_05_DWT
                0x08001380       0xbc ./Src/main.o
                0x08001380                PROFILE_05_DWT
 .text.PROFILE_05_TIM
                0x0800143c       0xc4 ./Src/main.o
                0x0800143c                PROFILE_05_TIM
 .text.TABLE_OUT
                0x08001500       0x64 ./Src/main.o
                0x08001500                TABLE_OUT
 .text.main     0x08001564       0x98 ./Src/main.o
                0x08001564                main
 .text.Reset_Handler
                0x080015fc       0x50 ./Startup/startup_stm32f446retx.o
                0x080015fc                Reset_Handler
 .text.Default_Handler
                0x0800164c        0x2 ./Startup/startup_stm32f446retx.o
                0x0800164c                RTC_Alarm_IRQHandler
                0x0800164c                EXTI2_IRQHandler
                0x0800164c                TIM8_CC_IRQHandler
                0x0800164c                SPDIF_Rx_IRQHandler
                0x0800164c                DebugMon_Handler
                0x0800164c                SPI4_IRQHandler
                0x0800164c                TIM1_CC_IRQHandler
                0x0800164c                QuadSPI_IRQHandler
                0x0800164c                DMA2_Stream5_IRQHandler
                0x0800164c                HardFault_Handler
                0x0800164c                DMA1_Stream5_IRQHandler
                0x0800164c                SysTick_Handler
                0x0800164c                PVD_IRQHandler
                0x0800164c                SDIO_IRQHandler
                0x0800164c                TAMP_STAMP_IRQHandler
                0x0800164c                PendSV_Handler
                0x0800164c                NMI_Handler
                0x0800164c                CAN2_RX1_IRQHandler
                0x0800164c                EXTI3_IRQHandler
                0x0800164c                TIM8_TRG_COM_TIM14_IRQHandler
                0x0800164c                TIM1_UP_TIM10_IRQHandler
                0x0800164c                FMPI2C1_error_IRQHandler
                0x0800164c                TIM8_UP_TIM13_IRQHandler
                0x0800164c                I2C3_ER_IRQHandler
                0x0800164c                EXTI0_IRQHandler
                0x0800164c                I2C2_EV_IRQHandler
                0x0800164c                DMA1_Stream2_IRQHandler
                0x0800164c                CAN1_RX0_IRQHandler
                0x0800164c                OTG_HS_WKUP_IRQHandler
                0x0800164c                UsageFault_Handler
                0x0800164c                CAN2_SCE_IRQHandler
                0x0800164c                DMA2_Stream2_IRQHandler
                0x0800164c                SPI1_IRQHandler
                0x0800164c                TIM6_DAC_IRQHandler
                0x0800164c                TIM1_BRK_TIM9_IRQHandler
                0x0800164c                DCMI_IRQHandler
                0x0800164c                CAN2_RX0_IRQHandler
                0x0800164c                DMA2_Stream3_IRQHandler
                0x0800164c                FMPI2C1_IRQHandler
                0x0800164c                SAI2_IRQHandler
                0x0800164c                USART6_IRQHandler
                0x0800164c                USART3_IRQHandler
                0x0800164c                CAN1_RX1_IRQHandler
                0x0800164c                UART5_IRQHandler
                0x0800164c                DMA2_Stream0_IRQHandler
                0x0800164c                TIM4_IRQHandler
                0x0800164c                I2C1_EV_IRQHandler
                0x0800164c                HDMI_CEC_IRQHandler
                0x0800164c                DMA1_Stream6_IRQHandler
                0x0800164c                DMA1_Stream1_IRQHandler
                0x0800164c                UART4_IRQHandler
                0x0800164c                TIM3_IRQHandler
                0x0800164c                RCC_IRQHandler
                0x0800164c                TIM8_BRK_TIM12_IRQHandler
                0x0800164c                Default_Handler
                0x0800164c                EXTI15_10_IRQHandler
                0x0800164c                ADC_IRQHandler
                0x0800164c                DMA1_Stream7_IRQHandler
                0x0800164c                TIM7_IRQHandler
                0x0800164c                CAN2_TX_IRQHandler
                0x0800164c                TIM5_IRQHandler
                0x0800164c                DMA2_Stream7_IRQHandler
                0x0800164c                I2C3_EV_IRQHandler
                0x0800164c                EXTI9_5_IRQHandler
                0x0800164c                RTC_WKUP_IRQHandler
                0x0800164c                SPI2_IRQHandler
                0x0800164c                OTG_HS_EP1_IN_IRQHandler
                0x0800164c                MemManage_Handler
                0x0800164c                DMA1_Stream0_IRQHandler
                0x0800164c                CAN1_TX_IRQHandler
                0x0800164c                SVC_Handler
                0x0800164c                EXTI4_IRQHandler
                0x0800164c                OTG_HS_EP1_OUT_IRQHandler
                0x0800164c                WWDG_IRQHandler
                0x0800164c                TIM2_IRQHandler
                0x0800164c                OTG_FS_WKUP_IRQHandler
                0x0800164c                TIM1_TRG_COM_TIM11_IRQHandler
                0x0800164c                OTG_HS_IRQHandler
                0x0800164c                EXTI1_IRQHandler
                0x0800164c                USART2_IRQHandler
                0x0800164c                I2C2_ER_IRQHandler
                0x0800164c                DMA2_Stream1_IRQHandler
                0x0800164c                CAN1_SCE_IRQHandler
                0x0800164c                FLASH_IRQHandler
                0x0800164c                DMA2_Stream4_IRQHandler
                0x0800164c                BusFault_Handler
                0x0800164c                USART1_IRQHandler
                0x0800164c                OTG_FS_IRQHandler
                0x0800164c                SPI3_IRQHandler
                0x0800164c                DMA1_Stream4_IRQHandler
                0x0800164c                I2C1_ER_IRQHandler
                0x0800164c                FMC_IRQHandler
                0x0800164c                DMA2_Stream6_IRQHandler
                0x0800164c                SAI1_IRQHandler
                0x0800164c                DMA1_Stream3_IRQHandler
 .text.memset   0x0800164e       0x10 C:/ST/STM32CubeIDE_2.0.0/STM32CubeIDE/plugins/com.st.stm32cube.ide.mcu.externaltools.gnu-tools-for-stm32.14.3.rel1.win32_1.0.100.202602081740/tools/bin/../lib/gcc/arm-none-eabi/14.3.1/../../../../arm-none-eabi/lib/thumb/v7e-m+fp/hard\libc_nano.a(libc_a-memset.o)
                0x0800164e                memset
 *fill*         0x0800165e        0x2 
 .text.__libc_init_array
                0x08001660       0x48 C:/ST/STM32CubeIDE_2.0.0/STM32CubeIDE/plugins/com.st.stm32cube.ide.mcu.externaltools.gnu-tools-for-stm32.14.3.rel1.win32_1.0.100.202602081740/tools/bin/../lib/gcc/arm-none-eabi/14.3.1/../../../../arm-none-eabi/lib/thumb/v7e-m+fp/hard\libc_nano.a(libc_a-init.o)
                0x08001660                __libc_init_array
 .text.memcpy   0x080016a8       0x1c C:/ST/STM32CubeIDE_2.0.0/STM32CubeIDE/plugins/com.st.stm32cube.ide.mcu.externaltools.gnu-tools-for-stm32.14.3.rel1.win32_1.0.100.202602081740/tools/bin/../lib/gcc/arm-none-eabi/14.3.1/../../../../arm-none-eabi/lib/thumb/v7e-m+fp/hard\libc_nano.a(libc_a-memcpy-stub.o)
                0x080016a8                memcpy
 *(.glue_7)
 .glue_7        0x080016c4        0x0 linker stubs
 *(.glue_7t)
 .glue_7t       0x080016c4        0x0 linker stubs
 *(.eh_frame)
 .eh_frame      0x080016c4        0x0 C:/ST/STM32CubeIDE_2.0.0/STM32CubeIDE/plugins/com.st.stm32cube.ide.mcu.externaltools.gnu-tools-for-stm32.14.3.rel1.win32_1.0.100.202602081740/tools/bin/../lib/gcc/arm-none-eabi/14.3.1/thumb/v7e-m+fp/hard/crtbegin.o
 *(.init)
 .init          0x080016c4        0x4 C:/ST/STM32CubeIDE_2.0.0/STM32CubeIDE/plugins/com.st.stm32cube.ide.mcu.externaltools.gnu-tools-for-stm32.14.3.rel1.win32_1.0.100.202602081740/tools/bin/../lib/gcc/arm-none-eabi/14.3.1/thumb/v7e-m+fp/hard/crti.o
                0x080016c4                _init
 .init          0x080016c8        0x8 C:/ST/STM32CubeIDE_2.0.0/STM32CubeIDE/plugins/com.st.stm32cube.ide.mcu.externaltools.gnu-tools-for-stm32.14.3.rel1.win32_1.0.100.202602081740/tools/bin/../lib/gcc/arm-none-eabi/14.3.1/thumb/v7e-m+fp/hard/crtn.o
 *(.fini)
 .fini          0x080016d0        0x4 C:/ST/STM32CubeIDE_2.0.0/STM32CubeIDE/plugins/com.st.stm32cube.ide.mcu.externaltools.gnu-tools-for-stm32.14.3.rel1.win32_1.0.100.202602081740/tools/bin/../lib/gcc/arm-none-eabi/14.3.1/thumb/v7e-m+fp/hard/crti.o
                0x080016d0                _fini
 .fini          0x080016d4        0x8 C:/ST/STM32CubeIDE_2.0.0/STM32CubeIDE/plugins/com.st.stm32cube.ide.mcu.externaltools.gnu-tools-for-stm32.14.3.rel1.win32_1.0.100.202602081740/tools/bin/../lib/gcc/arm-none-eabi/14.3.1/thumb/v7e-m+fp/hard/crtn.o
                0x080016dc                        . = ALIGN (0x4)
                0x080016dc                        _etext = .

.vfp11_veneer   0x080016dc        0x0
 .vfp11_veneer  0x080016dc        0x0 linker stubs

.v4_bx          0x080016dc        0x0
 .v4_bx         0x080016dc        0x0 linker stubs

.iplt           0x080016dc        0x0
 .iplt          0x080016dc        0x0 C:/ST/STM32CubeIDE_2.0.0/STM32CubeIDE/plugins/com.st.stm32cube.ide.mcu.externaltools.gnu-tools-for-stm32.14.3.rel1.win32_1.0.100.202602081740/tools/bin/../lib/gcc/arm-none-eabi/14.3.1/thumb/v7e-m+fp/hard/crtbegin.o

.rodata         0x080016dc      0x174
                0x080016dc                        . = ALIGN (0x4)
 *(.rodata)
 .rodata        0x080016dc      0x172 ./Src/main.o
 *(.rodata*)
                0x08001850                        . = ALIGN (0x4)
 *fill*         0x0800184e        0x2 

.ARM.extab      0x08001850        0x0
                0x08001850                        . = ALIGN (0x4)
 *(.ARM.extab* .gnu.linkonce.armextab.*)
                0x08001850                        . = ALIGN (0x4)

.ARM            0x08001850        0x8
                0x08001850                        . = ALIGN (0x4)
                0x08001850                        __exidx_start = .
 *(.ARM.exidx*)
 .ARM.exidx     0x08001850        0x8 C:/ST/STM32CubeIDE_2.0.0/STM32CubeIDE/plugins/com.st.stm32cube.ide.mcu.externaltools.gnu-tools-for-stm32.14.3.rel1.win32_1.0.100.202602081740/tools/bin/../lib/gcc/arm-none-eabi/14.3.1/../../../../arm-none-eabi/lib/thumb/v7e-m+fp/hard\libc_nano.a(libc_a-strlen.o)
                0x08001858                        __exidx_end = .
                0x08001858                        . = ALIGN (0x4)

.preinit_array  0x08001858        0x0
                0x08001858                        . = ALIGN (0x4)
                0x08001858                        PROVIDE (__preinit_array_start = .)
 *(.preinit_array*)
                0x08001858                        PROVIDE (__preinit_array_end = .)
                0x08001858                        . = ALIGN (0x4)

.init_array     0x08001858        0x4
                0x08001858                        . = ALIGN (0x4)
                0x08001858                        PROVIDE (__init_array_start = .)
 *(SORT_BY_NAME(.init_array.*))
 *(.init_array*)
 .init_array    0x08001858        0x4 C:/ST/STM32CubeIDE_2.0.0/STM32CubeIDE/plugins/com.st.stm32cube.ide.mcu.externaltools.gnu-tools-for-stm32.14.3.rel1.win32_1.0.100.202602081740/tools/bin/../lib/gcc/arm-none-eabi/14.3.1/thumb/v7e-m+fp/hard/crtbegin.o
                0x0800185c                        PROVIDE (__init_array_end = .)
                0x0800185c                        . = ALIGN (0x4)

.fini_array     0x0800185c        0x4
                0x0800185c                        . = ALIGN (0x4)
                [!provide]                        PROVIDE (__fini_array_start = .)
 *(SORT_BY_NAME(.fini_array.*))
 *(.fini_array*)
 .fini_array    0x0800185c        0x4 C:/ST/STM32CubeIDE_2.0.0/STM32CubeIDE/plugins/com.st.stm32cube.ide.mcu.externaltools.gnu-tools-for-stm32.14.3.rel1.win32_1.0.100.202602081740/tools/bin/../lib/gcc/arm-none-eabi/14.3.1/thumb/v7e-m+fp/hard/crtbegin.o
                [!provide]                        PROVIDE (__fini_array_end = .)
                0x08001860                        . = ALIGN (0x4)
                0x08001860                        _sidata = LOADADDR (.data)

.rel.dyn        0x08001860        0x0
 .rel.iplt      0x08001860        0x0 C:/ST/STM32CubeIDE_2.0.0/STM32CubeIDE/plugins/com.st.stm32cube.ide.mcu.externaltools.gnu-tools-for-stm32.14.3.rel1.win32_1.0.100.202602081740/tools/bin/../lib/gcc/arm-none-eabi/14.3.1/thumb/v7e-m+fp/hard/crtbegin.o

.data           0x20000000      0x438 load address 0x08001860
                0x20000000                        . = ALIGN (0x4)
                0x20000000                        _sdata = .
 *(.data)
 *(.data*)
 .data.str0     0x20000000       0x78 ./Src/main.o
                0x20000000                str0
 .data.str1     0x20000078       0x78 ./Src/main.o
                0x20000078                str1
 .data.str2     0x200000f0       0x78 ./Src/main.o
                0x200000f0                str2
 .data.str5     0x20000168       0x78 ./Src/main.o
                0x20000168                str5
 .data.str6     0x200001e0       0x78 ./Src/main.o
                0x200001e0                str6
 .data.str7     0x20000258       0x78 ./Src/main.o
                0x20000258                str7
 .data.str8     0x200002d0       0x78 ./Src/main.o
                0x200002d0                str8
 .data.str9     0x20000348       0x78 ./Src/main.o
                0x20000348                str9
 .data.str10    0x200003c0       0x78 ./Src/main.o
                0x200003c0                str10
 *(.RamFunc)
 *(.RamFunc*)
                0x20000438                        . = ALIGN (0x4)
                0x20000438                        _edata = .

.igot.plt       0x20000438        0x0 load address 0x08001c98
 .igot.plt      0x20000438        0x0 C:/ST/STM32CubeIDE_2.0.0/STM32CubeIDE/plugins/com.st.stm32cube.ide.mcu.externaltools.gnu-tools-for-stm32.14.3.rel1.win32_1.0.100.202602081740/tools/bin/../lib/gcc/arm-none-eabi/14.3.1/thumb/v7e-m+fp/hard/crtbegin.o
                0x20000438                        . = ALIGN (0x4)

.bss            0x20000438       0x1c load address 0x08001c98
                0x20000438                        _sbss = .
                0x20000438                        __bss_start__ = _sbss
 *(.bss)
 .bss           0x20000438       0x1c C:/ST/STM32CubeIDE_2.0.0/STM32CubeIDE/plugins/com.st.stm32cube.ide.mcu.externaltools.gnu-tools-for-stm32.14.3.rel1.win32_1.0.100.202602081740/tools/bin/../lib/gcc/arm-none-eabi/14.3.1/thumb/v7e-m+fp/hard/crtbegin.o
 *(.bss*)
 *(COMMON)
                0x20000454                        . = ALIGN (0x4)
                0x20000454                        _ebss = .
                0x20000454                        __bss_end__ = _ebss

._user_heap_stack
                0x20000454      0x604 load address 0x08001c98
                0x20000458                        . = ALIGN (0x8)
 *fill*         0x20000454        0x4 
                [!provide]                        PROVIDE (end = .)
                0x20000458                        PROVIDE (_end = .)
                0x20000658                        . = (. + _Min_Heap_Size)
 *fill*         0x20000458      0x200 
                0x20000a58                        . = (. + _Min_Stack_Size)
 *fill*         0x20000658      0x400 
                0x20000a58                        . = ALIGN (0x8)

/DISCARD/
 libc.a(*)
 libm.a(*)
 libgcc.a(*)

.ARM.attributes
                0x00000000       0x30
 *(.ARM.attributes)
 .ARM.attributes
                0x00000000       0x22 C:/ST/STM32CubeIDE_2.0.0/STM32CubeIDE/plugins/com.st.stm32cube.ide.mcu.externaltools.gnu-tools-for-stm32.14.3.rel1.win32_1.0.100.202602081740/tools/bin/../lib/gcc/arm-none-eabi/14.3.1/thumb/v7e-m+fp/hard/crti.o
 .ARM.attributes
                0x00000022       0x34 C:/ST/STM32CubeIDE_2.0.0/STM32CubeIDE/plugins/com.st.stm32cube.ide.mcu.externaltools.gnu-tools-for-stm32.14.3.rel1.win32_1.0.100.202602081740/tools/bin/../lib/gcc/arm-none-eabi/14.3.1/thumb/v7e-m+fp/hard/crtbegin.o
 .ARM.attributes
                0x00000056       0x34 ./Src/main.o
 .ARM.attributes
                0x0000008a       0x21 ./Startup/startup_stm32f446retx.o
 .ARM.attributes
                0x000000ab       0x34 C:/ST/STM32CubeIDE_2.0.0/STM32CubeIDE/plugins/com.st.stm32cube.ide.mcu.externaltools.gnu-tools-for-stm32.14.3.rel1.win32_1.0.100.202602081740/tools/bin/../lib/gcc/arm-none-eabi/14.3.1/../../../../arm-none-eabi/lib/thumb/v7e-m+fp/hard\libc_nano.a(libc_a-memset.o)
 .ARM.attributes
                0x000000df       0x34 C:/ST/STM32CubeIDE_2.0.0/STM32CubeIDE/plugins/com.st.stm32cube.ide.mcu.externaltools.gnu-tools-for-stm32.14.3.rel1.win32_1.0.100.202602081740/tools/bin/../lib/gcc/arm-none-eabi/14.3.1/../../../../arm-none-eabi/lib/thumb/v7e-m+fp/hard\libc_nano.a(libc_a-init.o)
 .ARM.attributes
                0x00000113       0x34 C:/ST/STM32CubeIDE_2.0.0/STM32CubeIDE/plugins/com.st.stm32cube.ide.mcu.externaltools.gnu-tools-for-stm32.14.3.rel1.win32_1.0.100.202602081740/tools/bin/../lib/gcc/arm-none-eabi/14.3.1/../../../../arm-none-eabi/lib/thumb/v7e-m+fp/hard\libc_nano.a(libc_a-memcpy-stub.o)
 .ARM.attributes
                0x00000147       0x17 C:/ST/STM32CubeIDE_2.0.0/STM32CubeIDE/plugins/com.st.stm32cube.ide.mcu.externaltools.gnu-tools-for-stm32.14.3.rel1.win32_1.0.100.202602081740/tools/bin/../lib/gcc/arm-none-eabi/14.3.1/../../../../arm-none-eabi/lib/thumb/v7e-m+fp/hard\libc_nano.a(libc_a-strlen.o)
 .ARM.attributes
                0x0000015e       0x22 C:/ST/STM32CubeIDE_2.0.0/STM32CubeIDE/plugins/com.st.stm32cube.ide.mcu.externaltools.gnu-tools-for-stm32.14.3.rel1.win32_1.0.100.202602081740/tools/bin/../lib/gcc/arm-none-eabi/14.3.1/thumb/v7e-m+fp/hard\libgcc.a(_arm_addsubdf3.o)
 .ARM.attributes
                0x00000180       0x22 C:/ST/STM32CubeIDE_2.0.0/STM32CubeIDE/plugins/com.st.stm32cube.ide.mcu.externaltools.gnu-tools-for-stm32.14.3.rel1.win32_1.0.100.202602081740/tools/bin/../lib/gcc/arm-none-eabi/14.3.1/thumb/v7e-m+fp/hard\libgcc.a(_arm_muldivdf3.o)
 .ARM.attributes
                0x000001a2       0x22 C:/ST/STM32CubeIDE_2.0.0/STM32CubeIDE/plugins/com.st.stm32cube.ide.mcu.externaltools.gnu-tools-for-stm32.14.3.rel1.win32_1.0.100.202602081740/tools/bin/../lib/gcc/arm-none-eabi/14.3.1/thumb/v7e-m+fp/hard\libgcc.a(_arm_fixunsdfsi.o)
 .ARM.attributes
                0x000001c4       0x22 C:/ST/STM32CubeIDE_2.0.0/STM32CubeIDE/plugins/com.st.stm32cube.ide.mcu.externaltools.gnu-tools-for-stm32.14.3.rel1.win32_1.0.100.202602081740/tools/bin/../lib/gcc/arm-none-eabi/14.3.1/thumb/v7e-m+fp/hard/crtn.o
OUTPUT(LAB_03_A.elf elf32-littlearm)
LOAD linker stubs
LOAD C:/ST/STM32CubeIDE_2.0.0/STM32CubeIDE/plugins/com.st.stm32cube.ide.mcu.externaltools.gnu-tools-for-stm32.14.3.rel1.win32_1.0.100.202602081740/tools/bin/../lib/gcc/arm-none-eabi/14.3.1/../../../../arm-none-eabi/lib/thumb/v7e-m+fp/hard\libc.a
LOAD C:/ST/STM32CubeIDE_2.0.0/STM32CubeIDE/plugins/com.st.stm32cube.ide.mcu.externaltools.gnu-tools-for-stm32.14.3.rel1.win32_1.0.100.202602081740/tools/bin/../lib/gcc/arm-none-eabi/14.3.1/../../../../arm-none-eabi/lib/thumb/v7e-m+fp/hard\libm.a
LOAD C:/ST/STM32CubeIDE_2.0.0/STM32CubeIDE/plugins/com.st.stm32cube.ide.mcu.externaltools.gnu-tools-for-stm32.14.3.rel1.win32_1.0.100.202602081740/tools/bin/../lib/gcc/arm-none-eabi/14.3.1/thumb/v7e-m+fp/hard\libgcc.a

.debug_info     0x00000000      0xf99
 .debug_info    0x00000000      0xf69 ./Src/main.o
 .debug_info    0x00000f69       0x30 ./Startup/startup_stm32f446retx.o

.debug_abbrev   0x00000000      0x27b
 .debug_abbrev  0x00000000      0x257 ./Src/main.o
 .debug_abbrev  0x00000257       0x24 ./Startup/startup_stm32f446retx.o

.debug_aranges  0x00000000      0x100
 .debug_aranges
                0x00000000       0xd8 ./Src/main.o
 .debug_aranges
                0x000000d8       0x28 ./Startup/startup_stm32f446retx.o

.debug_rnglists
                0x00000000       0xc2
 .debug_rnglists
                0x00000000       0xa9 ./Src/main.o
 .debug_rnglists
                0x000000a9       0x19 ./Startup/startup_stm32f446retx.o

.debug_macro    0x00000000    0x19622
 .debug_macro   0x00000000      0x1d8 ./Src/main.o
 .debug_macro   0x000001d8      0xae4 ./Src/main.o
 .debug_macro   0x00000cbc       0x28 ./Src/main.o
 .debug_macro   0x00000ce4       0x22 ./Src/main.o
 .debug_macro   0x00000d06       0x8e ./Src/main.o
 .debug_macro   0x00000d94       0x51 ./Src/main.o
 .debug_macro   0x00000de5      0x103 ./Src/main.o
 .debug_macro   0x00000ee8       0x6a ./Src/main.o
 .debug_macro   0x00000f52      0x1df ./Src/main.o
 .debug_macro   0x00001131       0x1c ./Src/main.o
 .debug_macro   0x0000114d       0x22 ./Src/main.o
 .debug_macro   0x0000116f       0xfb ./Src/main.o
 .debug_macro   0x0000126a     0x1011 ./Src/main.o
 .debug_macro   0x0000227b      0x11f ./Src/main.o
 .debug_macro   0x0000239a    0x1675e ./Src/main.o
 .debug_macro   0x00018af8       0x61 ./Src/main.o
 .debug_macro   0x00018b59       0x2a ./Src/main.o
 .debug_macro   0x00018b83       0x43 ./Src/main.o
 .debug_macro   0x00018bc6       0x34 ./Src/main.o
 .debug_macro   0x00018bfa      0x190 ./Src/main.o
 .debug_macro   0x00018d8a      0x364 ./Src/main.o
 .debug_macro   0x000190ee       0x16 ./Src/main.o
 .debug_macro   0x00019104       0x4a ./Src/main.o
 .debug_macro   0x0001914e       0x34 ./Src/main.o
 .debug_macro   0x00019182       0x10 ./Src/main.o
 .debug_macro   0x00019192       0x58 ./Src/main.o
 .debug_macro   0x000191ea       0x8e ./Src/main.o
 .debug_macro   0x00019278       0x1c ./Src/main.o
 .debug_macro   0x00019294      0x17e ./Src/main.o
 .debug_macro   0x00019412       0x10 ./Src/main.o
 .debug_macro   0x00019422       0x3c ./Src/main.o
 .debug_macro   0x0001945e       0x20 ./Src/main.o
 .debug_macro   0x0001947e       0x1c ./Src/main.o
 .debug_macro   0x0001949a       0x10 ./Src/main.o
 .debug_macro   0x000194aa       0x1c ./Src/main.o
 .debug_macro   0x000194c6       0x16 ./Src/main.o
 .debug_macro   0x000194dc      0x146 ./Src/main.o

.debug_line     0x00000000      0xde5
 .debug_line    0x00000000      0xd6a ./Src/main.o
 .debug_line    0x00000d6a       0x7b ./Startup/startup_stm32f446retx.o

.debug_str      0x00000000    0x8e841
 .debug_str     0x00000000    0x8e841 ./Src/main.o
                              0x8ea34 (size before relaxing)
 .debug_str     0x0008e841       0x85 ./Startup/startup_stm32f446retx.o

.comment        0x00000000       0x43
 .comment       0x00000000       0x43 ./Src/main.o
                                 0x44 (size before relaxing)

.debug_frame    0x00000000      0x520
 .debug_frame   0x00000000      0x36c ./Src/main.o
 .debug_frame   0x0000036c       0x20 C:/ST/STM32CubeIDE_2.0.0/STM32CubeIDE/plugins/com.st.stm32cube.ide.mcu.externaltools.gnu-tools-for-stm32.14.3.rel1.win32_1.0.100.202602081740/tools/bin/../lib/gcc/arm-none-eabi/14.3.1/../../../../arm-none-eabi/lib/thumb/v7e-m+fp/hard\libc_nano.a(libc_a-memset.o)
 .debug_frame   0x0000038c       0x2c C:/ST/STM32CubeIDE_2.0.0/STM32CubeIDE/plugins/com.st.stm32cube.ide.mcu.externaltools.gnu-tools-for-stm32.14.3.rel1.win32_1.0.100.202602081740/tools/bin/../lib/gcc/arm-none-eabi/14.3.1/../../../../arm-none-eabi/lib/thumb/v7e-m+fp/hard\libc_nano.a(libc_a-init.o)
 .debug_frame   0x000003b8       0x28 C:/ST/STM32CubeIDE_2.0.0/STM32CubeIDE/plugins/com.st.stm32cube.ide.mcu.externaltools.gnu-tools-for-stm32.14.3.rel1.win32_1.0.100.202602081740/tools/bin/../lib/gcc/arm-none-eabi/14.3.1/../../../../arm-none-eabi/lib/thumb/v7e-m+fp/hard\libc_nano.a(libc_a-memcpy-stub.o)
 .debug_frame   0x000003e0       0x20 C:/ST/STM32CubeIDE_2.0.0/STM32CubeIDE/plugins/com.st.stm32cube.ide.mcu.externaltools.gnu-tools-for-stm32.14.3.rel1.win32_1.0.100.202602081740/tools/bin/../lib/gcc/arm-none-eabi/14.3.1/../../../../arm-none-eabi/lib/thumb/v7e-m+fp/hard\libc_nano.a(libc_a-strlen.o)
 .debug_frame   0x00000400       0xac C:/ST/STM32CubeIDE_2.0.0/STM32CubeIDE/plugins/com.st.stm32cube.ide.mcu.externaltools.gnu-tools-for-stm32.14.3.rel1.win32_1.0.100.202602081740/tools/bin/../lib/gcc/arm-none-eabi/14.3.1/thumb/v7e-m+fp/hard\libgcc.a(_arm_addsubdf3.o)
 .debug_frame   0x000004ac       0x50 C:/ST/STM32CubeIDE_2.0.0/STM32CubeIDE/plugins/com.st.stm32cube.ide.mcu.externaltools.gnu-tools-for-stm32.14.3.rel1.win32_1.0.100.202602081740/tools/bin/../lib/gcc/arm-none-eabi/14.3.1/thumb/v7e-m+fp/hard\libgcc.a(_arm_muldivdf3.o)
 .debug_frame   0x000004fc       0x24 C:/ST/STM32CubeIDE_2.0.0/STM32CubeIDE/plugins/com.st.stm32cube.ide.mcu.externaltools.gnu-tools-for-stm32.14.3.rel1.win32_1.0.100.202602081740/tools/bin/../lib/gcc/arm-none-eabi/14.3.1/thumb/v7e-m+fp/hard\libgcc.a(_arm_fixunsdfsi.o)

.debug_line_str
                0x00000000       0x69
 .debug_line_str
                0x00000000       0x69 ./Startup/startup_stm32f446retx.o
